<html>
<body>
<pre>
<h1>µVision Build Log</h1>
<h2>Tool Versions:</h2>
IDE-Version: ¦ÌVision V5.37.0.0
Copyright (C) 2022 ARM Ltd and ARM Germany GmbH. All rights reserved.
License Information: Kingham XU, XU, LIC=R4HV2-9G9ZK-JP0ZQ-NHA7P-4TU5R-YH3XF
 
Tool Versions:
Toolchain:       MDK-ARM Professional  Version: 5.37.0.0
Toolchain Path:  D:\softwares\KEIL5MDK\ARM\ARMCC\Bin
C Compiler:      Armcc.exe V5.06 update 7 for Certification (build 960)
Assembler:       Armasm.exe V5.06 update 7 for Certification (build 960)
Linker/Locator:  ArmLink.exe V5.06 update 7 for Certification (build 960)
Library Manager: ArmAr.exe V5.06 update 7 for Certification (build 960)
Hex Converter:   FromElf.exe V5.06 update 7 for Certification (build 960)
CPU DLL:         SARMCM3.DLL V5.37.0.0
Dialog DLL:      DCM.DLL V1.17.5.0
Target DLL:      CMSIS_AGDI.dll V1.33.12.0
Dialog DLL:      TCM.DLL V1.56.1.0
 
<h2>Project:</h2>
D:\projects\Github_Projects\OV-Watch-V2.3\Software\OV_Watch_V2.3.1\MDK-ARM\OV_Watch_V2.3.uvprojx
Project File Date:  07/16/2023

<h2>Output:</h2>
*** Using Compiler 'V5.06 update 7 for Certification (build 960)', folder: 'D:\softwares\KEIL5MDK\ARM\ARMCC\Bin'
Build target 'OV_Watch_V2.3'
compiling stm32f4xx_hal_msp.c...
compiling tim.c...
compiling adc.c...
compiling stm32f4xx_it.c...
compiling gpio.c...
compiling dma.c...
compiling usart.c...
compiling rtc.c...
compiling freertos.c...
compiling spi.c...
compiling PageStack.c...
..\Tasks\Src\PageStack.c(6): warning:  #68-D: integer conversion resulted in a change of sign
  	{return -1;}
..\Tasks\Src\PageStack.c(15): warning:  #68-D: integer conversion resulted in a change of sign
  	{return -1;}
..\Tasks\Src\PageStack.c: 2 warnings, 0 errors
compiling main.c...
compiling stm32f4xx_hal_timebase_tim.c...
compiling delay.c...
compiling StrCalculate.c...
..\Tasks\Src\StrCalculate.c(9): warning:  #68-D: integer conversion resulted in a change of sign
      {return -1;}
..\Tasks\Src\StrCalculate.c(18): warning:  #68-D: integer conversion resulted in a change of sign
      {return -1;}
..\Tasks\Src\StrCalculate.c(43): warning:  #68-D: integer conversion resulted in a change of sign
  	{return -1;}
..\Tasks\Src\StrCalculate.c(52): warning:  #68-D: integer conversion resulted in a change of sign
  	{return -1;}
..\Tasks\Src\StrCalculate.c(76): warning:  #68-D: integer conversion resulted in a change of sign
  	{return -1;}
..\Tasks\Src\StrCalculate.c(85): warning:  #68-D: integer conversion resulted in a change of sign
  	{return -1;}
..\Tasks\Src\StrCalculate.c(127): warning:  #940-D: missing return statement at end of non-void function "SymisHighPriority" 
  }
..\Tasks\Src\StrCalculate.c(262): warning:  #68-D: integer conversion resulted in a change of sign
          return -1;
..\Tasks\Src\StrCalculate.c: 8 warnings, 0 errors
compiling ui.c...
compiling ui_helpers.c...
..\Middlewares\LVGL\GUI_UserApp\ui_helpers.c(66): warning:  #188-D: enumerated type mixed with another type
      lv_bar_set_value(target, old + val, anm);
..\Middlewares\LVGL\GUI_UserApp\ui_helpers.c(72): warning:  #188-D: enumerated type mixed with another type
      lv_slider_set_value(target, old + val, anm);
..\Middlewares\LVGL\GUI_UserApp\ui_helpers.c: 2 warnings, 0 errors
compiling user_ScrRenewTask.c...
..\Tasks\Src\user_ScrRenewTask.c(59): warning:  #223-D: function "EM7028_hrs_DisEnable" declared implicitly
      			EM7028_hrs_DisEnable();
..\Tasks\Src\user_ScrRenewTask.c(61): warning:  #223-D: function "LSM303DLH_Sleep" declared implicitly
  		    	LSM303DLH_Sleep();
..\Tasks\Src\user_ScrRenewTask.c(89): warning:  #223-D: function "EM7028_hrs_DisEnable" declared implicitly
    			EM7028_hrs_DisEnable();
..\Tasks\Src\user_ScrRenewTask.c(91): warning:  #223-D: function "LSM303DLH_Sleep" declared implicitly
  	    	LSM303DLH_Sleep();
..\Tasks\Src\user_ScrRenewTask.c: 4 warnings, 0 errors
compiling user_ChargPageTask.c...
..\Tasks\Src\user_ChargPageTask.c(68): warning:  #167-D: argument of type "uint8_t *" is incompatible with parameter of type "char *restrict"
  				sprintf(value_strbuf,"%02d",ui_TimeMinuteValue);
..\Tasks\Src\user_ChargPageTask.c(69): warning:  #167-D: argument of type "uint8_t *" is incompatible with parameter of type "const char *"
  				lv_label_set_text(ui_ChargPagebMinLabel, value_strbuf);
..\Tasks\Src\user_ChargPageTask.c(75): warning:  #167-D: argument of type "uint8_t *" is incompatible with parameter of type "char *restrict"
  				sprintf(value_strbuf,"%02d",ui_TimeHourValue);
..\Tasks\Src\user_ChargPageTask.c(76): warning:  #167-D: argument of type "uint8_t *" is incompatible with parameter of type "const char *"
  				lv_label_set_text(ui_ChargPagebHourLabel, value_strbuf);
..\Tasks\Src\user_ChargPageTask.c(83): warning:  #167-D: argument of type "uint8_t *" is incompatible with parameter of type "char *restrict"
  				sprintf(value_strbuf,"%2d%%",ui_BatArcValue);
..\Tasks\Src\user_ChargPageTask.c(84): warning:  #167-D: argument of type "uint8_t *" is incompatible with parameter of type "const char *"
  				lv_label_set_text(ui_ChargPageBatNum, value_strbuf);
..\Tasks\Src\user_ChargPageTask.c: 6 warnings, 0 errors
compiling user_KeyTask.c...
compiling ui_AboutPage.c...
compiling user_HomePageTask.c...
..\Tasks\Src\user_HomePageTask.c(49): warning:  #167-D: argument of type "uint8_t *" is incompatible with parameter of type "char *restrict"
  				sprintf(value_strbuf,"%02d",ui_TimeMinuteValue);
..\Tasks\Src\user_HomePageTask.c(50): warning:  #167-D: argument of type "uint8_t *" is incompatible with parameter of type "const char *"
  				lv_label_set_text(ui_TimeMinuteLabel, value_strbuf);
..\Tasks\Src\user_HomePageTask.c(56): warning:  #167-D: argument of type "uint8_t *" is incompatible with parameter of type "char *restrict"
  				sprintf(value_strbuf,"%2d",ui_TimeHourValue);
..\Tasks\Src\user_HomePageTask.c(57): warning:  #167-D: argument of type "uint8_t *" is incompatible with parameter of type "const char *"
  				lv_label_set_text(ui_TimeHourLabel, value_strbuf);
..\Tasks\Src\user_HomePageTask.c(64): warning:  #167-D: argument of type "uint8_t *" is incompatible with parameter of type "char *restrict"
  				sprintf(value_strbuf,"%2d-%02d",ui_DateMonthValue,ui_DateDayValue);
..\Tasks\Src\user_HomePageTask.c(65): warning:  #167-D: argument of type "uint8_t *" is incompatible with parameter of type "const char *"
  				lv_label_set_text(ui_DateLabel, value_strbuf);
..\Tasks\Src\user_HomePageTask.c(76): warning:  #167-D: argument of type "uint8_t *" is incompatible with parameter of type "char *restrict"
  				sprintf(value_strbuf,"%2d-%02d",ui_DateMonthValue,ui_DateDayValue);
..\Tasks\Src\user_HomePageTask.c(77): warning:  #167-D: argument of type "uint8_t *" is incompatible with parameter of type "const char *"
  				lv_label_set_text(ui_DateLabel, value_strbuf);
..\Tasks\Src\user_HomePageTask.c(119): warning:  #223-D: function "AHT_Read" declared implicitly
  				AHT_Read(&humi,&temp);
..\Tasks\Src\user_HomePageTask.c(133): warning:  #167-D: argument of type "uint8_t *" is incompatible with parameter of type "char *restrict"
  				sprintf(value_strbuf,"%2d%%",ui_BatArcValue);
..\Tasks\Src\user_HomePageTask.c(134): warning:  #167-D: argument of type "uint8_t *" is incompatible with parameter of type "const char *"
  				lv_label_set_text(ui_BatNumLabel, value_strbuf);
..\Tasks\Src\user_HomePageTask.c(137): warning:  #167-D: argument of type "uint8_t *" is incompatible with parameter of type "char *restrict"
  				sprintf(value_strbuf,"%d",ui_StepNumValue);
..\Tasks\Src\user_HomePageTask.c(138): warning:  #167-D: argument of type "uint8_t *" is incompatible with parameter of type "const char *"
  				lv_label_set_text(ui_StepNumLabel, value_strbuf);
..\Tasks\Src\user_HomePageTask.c(143): warning:  #167-D: argument of type "uint8_t *" is incompatible with parameter of type "char *restrict"
  				sprintf(value_strbuf,"%d",ui_EnvTempValue);
..\Tasks\Src\user_HomePageTask.c(144): warning:  #167-D: argument of type "uint8_t *" is incompatible with parameter of type "const char *"
  				lv_label_set_text(ui_TempNumLabel, value_strbuf);
..\Tasks\Src\user_HomePageTask.c(145): warning:  #167-D: argument of type "uint8_t *" is incompatible with parameter of type "char *restrict"
  				sprintf(value_strbuf,"%d",ui_EnvHumiValue);
..\Tasks\Src\user_HomePageTask.c(146): warning:  #167-D: argument of type "uint8_t *" is incompatible with parameter of type "const char *"
  				lv_label_set_text(ui_HumiNumLabel, value_strbuf);
..\Tasks\Src\user_HomePageTask.c: 17 warnings, 0 errors
compiling user_MessageSendTask.c...
..\Tasks\Src\user_MessageSendTask.c(67): warning:  #186-D: pointless comparison of unsigned integer with zero
  		&& TimeSetMessage.nowtime.Hours>=0 && TimeSetMessage.nowtime.Hours<=23
..\Tasks\Src\user_MessageSendTask.c(68): warning:  #186-D: pointless comparison of unsigned integer with zero
  		&& TimeSetMessage.nowtime.Minutes>=0 && TimeSetMessage.nowtime.Minutes<=59
..\Tasks\Src\user_MessageSendTask.c(69): warning:  #186-D: pointless comparison of unsigned integer with zero
  		&& TimeSetMessage.nowtime.Seconds>=0 && TimeSetMessage.nowtime.Seconds<=59)
..\Tasks\Src\user_MessageSendTask.c(76): warning:  #940-D: missing return statement at end of non-void function "TimeFormat_Get" 
  }
..\Tasks\Src\user_MessageSendTask.c(93): warning:  #167-D: argument of type "uint8_t *" is incompatible with parameter of type "const char *"
  			if(!strcmp(HardInt_receive_str,"OV"))
..\Tasks\Src\user_MessageSendTask.c(97): warning:  #167-D: argument of type "uint8_t *" is incompatible with parameter of type "const char *"
  			else if(!strcmp(HardInt_receive_str,"OV+VERSION"))
..\Tasks\Src\user_MessageSendTask.c(101): warning:  #167-D: argument of type "uint8_t *" is incompatible with parameter of type "const char *"
  			else if(!strcmp(HardInt_receive_str,"OV+SEND"))
..\Tasks\Src\user_MessageSendTask.c(120): warning:  #167-D: argument of type "uint8_t *" is incompatible with parameter of type "const char *"
  			else if(strlen(HardInt_receive_str)==20)
..\Tasks\Src\user_MessageSendTask.c(125): warning:  #167-D: argument of type "uint8_t *" is incompatible with parameter of type "const char *"
  				if(user_APPSy_EN && !strcmp(cmd,"OV+ST"))
..\Tasks\Src\user_MessageSendTask.c: 9 warnings, 0 errors
compiling user_SensorPageTask.c...
../BSP/EM7028/HrAlgorythm.h(11): warning:  #1-D: last line of file ends without a newline
  #endif
..\Tasks\Src\user_SensorPageTask.c(63): warning:  #167-D: argument of type "uint8_t *" is incompatible with parameter of type "char *restrict"
  					sprintf(value_strbuf, "%d", ui_HRValue);
..\Tasks\Src\user_SensorPageTask.c(64): warning:  #167-D: argument of type "uint8_t *" is incompatible with parameter of type "const char *"
  					lv_label_set_text(ui_HRPageNumLabel, value_strbuf);
..\Tasks\Src\user_SensorPageTask.c(43): warning:  #177-D: variable "dat"  was declared but never referenced
  	uint16_t dat=0;
..\Tasks\Src\user_SensorPageTask.c(95): warning:  #167-D: argument of type "uint8_t *" is incompatible with parameter of type "char *restrict"
  				sprintf(value_strbuf, "%d", ui_SPO2Value);
..\Tasks\Src\user_SensorPageTask.c(96): warning:  #167-D: argument of type "uint8_t *" is incompatible with parameter of type "const char *"
  				lv_label_set_text(ui_SPO2NumLabel, value_strbuf);
..\Tasks\Src\user_SensorPageTask.c(117): warning:  #167-D: argument of type "uint8_t *" is incompatible with parameter of type "char *restrict"
  				sprintf(value_strbuf,"%d",ui_EnvTempValue);
..\Tasks\Src\user_SensorPageTask.c(118): warning:  #167-D: argument of type "uint8_t *" is incompatible with parameter of type "const char *"
  				lv_label_set_text(ui_EnvTempNumLabel, value_strbuf);
..\Tasks\Src\user_SensorPageTask.c(119): warning:  #167-D: argument of type "uint8_t *" is incompatible with parameter of type "char *restrict"
  				sprintf(value_strbuf,"%d",ui_EnvHumiValue);
..\Tasks\Src\user_SensorPageTask.c(120): warning:  #167-D: argument of type "uint8_t *" is incompatible with parameter of type "const char *"
  				lv_label_set_text(ui_EnvHumiNumLabel, value_strbuf);
..\Tasks\Src\user_SensorPageTask.c(147): warning:  #167-D: argument of type "uint8_t *" is incompatible with parameter of type "char *restrict"
  				sprintf(value_strbuf,":%d", ui_CompassDirValue);
..\Tasks\Src\user_SensorPageTask.c(148): warning:  #167-D: argument of type "uint8_t *" is incompatible with parameter of type "const char *"
  				lv_label_set_text(ui_CompassDirLabel, value_strbuf);
..\Tasks\Src\user_SensorPageTask.c(161): warning:  #167-D: argument of type "uint8_t *" is incompatible with parameter of type "char *restrict"
  				sprintf(value_strbuf,":%dm", ui_EnvAltitudeValue);
..\Tasks\Src\user_SensorPageTask.c(162): warning:  #167-D: argument of type "uint8_t *" is incompatible with parameter of type "const char *"
  				lv_label_set_text(ui_EnvAltitudeLabel, value_strbuf);
..\Tasks\Src\user_SensorPageTask.c: 14 warnings, 0 errors
compiling user_MPUCheckTask.c...
compiling user_StopEnterTask.c...
..\Tasks\Src\user_StopEnterTask.c(95): warning:  #223-D: function "SystemClock_Config" declared implicitly
  			SystemClock_Config();
..\Tasks\Src\user_StopEnterTask.c: 1 warning, 0 errors
compiling ui_ChargPage.c...
..\Middlewares\LVGL\GUI_UserApp\Screens\Src\ui_ChargPage.c(60): warning:  #167-D: argument of type "uint8_t *" is incompatible with parameter of type "char *restrict"
  		sprintf(value_strbuf,"%2d%%",ui_BatArcValue);
..\Middlewares\LVGL\GUI_UserApp\Screens\Src\ui_ChargPage.c(61): warning:  #167-D: argument of type "uint8_t *" is incompatible with parameter of type "const char *"
      lv_label_set_text(ui_ChargPageBatNum, value_strbuf);
..\Middlewares\LVGL\GUI_UserApp\Screens\Src\ui_ChargPage.c(72): warning:  #167-D: argument of type "uint8_t *" is incompatible with parameter of type "char *restrict"
  		sprintf(value_strbuf,"%02d",ui_TimeHourValue);
..\Middlewares\LVGL\GUI_UserApp\Screens\Src\ui_ChargPage.c(73): warning:  #167-D: argument of type "uint8_t *" is incompatible with parameter of type "const char *"
      lv_label_set_text(ui_ChargPagebHourLabel, value_strbuf);
..\Middlewares\LVGL\GUI_UserApp\Screens\Src\ui_ChargPage.c(84): warning:  #167-D: argument of type "uint8_t *" is incompatible with parameter of type "char *restrict"
  		sprintf(value_strbuf,"%02d",ui_TimeMinuteValue);
..\Middlewares\LVGL\GUI_UserApp\Screens\Src\ui_ChargPage.c(85): warning:  #167-D: argument of type "uint8_t *" is incompatible with parameter of type "const char *"
      lv_label_set_text(ui_ChargPagebMinLabel, value_strbuf);
..\Middlewares\LVGL\GUI_UserApp\Screens\Src\ui_ChargPage.c: 6 warnings, 0 errors
compiling ui_CompassPage.c...
..\Middlewares\LVGL\GUI_UserApp\Screens\Src\ui_CompassPage.c(75): warning:  #167-D: argument of type "uint8_t *" is incompatible with parameter of type "char *restrict"
  		sprintf(value_strbuf,":%dm",ui_EnvAltitudeValue);
..\Middlewares\LVGL\GUI_UserApp\Screens\Src\ui_CompassPage.c(76): warning:  #167-D: argument of type "uint8_t *" is incompatible with parameter of type "const char *"
      lv_label_set_text(ui_EnvAltitudeLabel, value_strbuf);
..\Middlewares\LVGL\GUI_UserApp\Screens\Src\ui_CompassPage.c(98): warning:  #167-D: argument of type "uint8_t *" is incompatible with parameter of type "char *restrict"
  		sprintf(value_strbuf,":%d",ui_CompassDirValue);
..\Middlewares\LVGL\GUI_UserApp\Screens\Src\ui_CompassPage.c(99): warning:  #167-D: argument of type "uint8_t *" is incompatible with parameter of type "const char *"
      lv_label_set_text(ui_CompassDirLabel, value_strbuf);
..\Middlewares\LVGL\GUI_UserApp\Screens\Src\ui_CompassPage.c: 4 warnings, 0 errors
compiling ui_EnvPage.c...
..\Middlewares\LVGL\GUI_UserApp\Screens\Src\ui_EnvPage.c(54): warning:  #167-D: argument of type "uint8_t *" is incompatible with parameter of type "char *restrict"
  		sprintf(strbuf,"%d",ui_EnvTempValue);
..\Middlewares\LVGL\GUI_UserApp\Screens\Src\ui_EnvPage.c(55): warning:  #167-D: argument of type "uint8_t *" is incompatible with parameter of type "const char *"
      lv_label_set_text(ui_EnvTempNumLabel, strbuf);
..\Middlewares\LVGL\GUI_UserApp\Screens\Src\ui_EnvPage.c(64): warning:  #167-D: argument of type "uint8_t *" is incompatible with parameter of type "char *restrict"
  		sprintf(strbuf,"%d",ui_EnvHumiValue);
..\Middlewares\LVGL\GUI_UserApp\Screens\Src\ui_EnvPage.c(65): warning:  #167-D: argument of type "uint8_t *" is incompatible with parameter of type "const char *"
      lv_label_set_text(ui_EnvHumiNumLabel, strbuf);
..\Middlewares\LVGL\GUI_UserApp\Screens\Src\ui_EnvPage.c(115): warning:  #1-D: last line of file ends without a newline
      
..\Middlewares\LVGL\GUI_UserApp\Screens\Src\ui_EnvPage.c: 5 warnings, 0 errors
compiling ui_GameSelectPage.c...
compiling ui_HRPage.c...
..\Middlewares\LVGL\GUI_UserApp\Screens\Src\ui_HRPage.c(29): warning:  #167-D: argument of type "uint8_t *" is incompatible with parameter of type "char *restrict"
      sprintf(value_strbuf, "%d", ui_HRValue);
..\Middlewares\LVGL\GUI_UserApp\Screens\Src\ui_HRPage.c(30): warning:  #167-D: argument of type "uint8_t *" is incompatible with parameter of type "const char *"
      lv_label_set_text(ui_HRPageNumLabel, value_strbuf);
..\Middlewares\LVGL\GUI_UserApp\Screens\Src\ui_HRPage.c: 2 warnings, 0 errors
compiling ui_Megboxes.c...
..\Middlewares\LVGL\GUI_UserApp\Screens\Src\ui_Megboxes.c(68): warning:  #167-D: argument of type "uint8_t *" is incompatible with parameter of type "const char *"
      lv_label_set_text(ui_WarningLabel, text);
..\Middlewares\LVGL\GUI_UserApp\Screens\Src\ui_Megboxes.c: 1 warning, 0 errors
compiling ui_NFCCardPage.c...
compiling ui_MenuPage.c...
compiling ui_OffTimePage.c...
compiling user_TasksInit.c...
compiling ui_SetPage.c...
compiling ui_SPO2Page.c...
..\Middlewares\LVGL\GUI_UserApp\Screens\Src\ui_SPO2Page.c(25): warning:  #167-D: argument of type "uint8_t *" is incompatible with parameter of type "char *restrict"
      sprintf(value_strbuf, "%d", ui_SPO2Value);
..\Middlewares\LVGL\GUI_UserApp\Screens\Src\ui_SPO2Page.c(26): warning:  #167-D: argument of type "uint8_t *" is incompatible with parameter of type "const char *"
      lv_label_set_text(ui_SPO2NumLabel, value_strbuf);
..\Middlewares\LVGL\GUI_UserApp\Screens\Src\ui_SPO2Page.c: 2 warnings, 0 errors
compiling ui_TimerPage.c...
..\Middlewares\LVGL\GUI_UserApp\Screens\Src\ui_TimerPage.c(77): warning:  #167-D: argument of type "uint8_t *" is incompatible with parameter of type "char *restrict"
      sprintf(strbuf,"%02d",ui_TimerPage_min);
..\Middlewares\LVGL\GUI_UserApp\Screens\Src\ui_TimerPage.c(78): warning:  #167-D: argument of type "uint8_t *" is incompatible with parameter of type "const char *"
      lv_label_set_text(ui_TimerMinLabel, strbuf);
..\Middlewares\LVGL\GUI_UserApp\Screens\Src\ui_TimerPage.c(79): warning:  #167-D: argument of type "uint8_t *" is incompatible with parameter of type "char *restrict"
      sprintf(strbuf,"%02d",ui_TimerPage_sec);
..\Middlewares\LVGL\GUI_UserApp\Screens\Src\ui_TimerPage.c(80): warning:  #167-D: argument of type "uint8_t *" is incompatible with parameter of type "const char *"
      lv_label_set_text(ui_TimerSecLabel, strbuf);
..\Middlewares\LVGL\GUI_UserApp\Screens\Src\ui_TimerPage.c(81): warning:  #167-D: argument of type "uint8_t *" is incompatible with parameter of type "char *restrict"
      sprintf(strbuf,"%02d",ui_TimerPage_10ms);
..\Middlewares\LVGL\GUI_UserApp\Screens\Src\ui_TimerPage.c(82): warning:  #167-D: argument of type "uint8_t *" is incompatible with parameter of type "const char *"
      lv_label_set_text(ui_TimerMilSecLabel, strbuf);
..\Middlewares\LVGL\GUI_UserApp\Screens\Src\ui_TimerPage.c: 6 warnings, 0 errors
compiling ui_font_Cuyuan18.c...
compiling ui_font_Cuyuan20.c...
compiling ui_font_Cuyuan24.c...
compiling ui_CalendarPage.c...
compiling ui_font_Cuyuan30.c...
compiling ui_font_Cuyuan38.c...
compiling ui_font_Cuyuan48.c...
compiling ui_font_Cuyuan80.c...
compiling ui_font_Cuyuan100.c...
compiling ui_ComputerPage.c...
compiling ui_font_iconfont16.c...
compiling ui_font_iconfont24.c...
compiling ui_font_iconfont28.c...
compiling ui_DateTimeSetPage.c...
compiling ui_font_iconfont30.c...
compiling ui_font_iconfont32.c...
compiling ui_font_iconfont34.c...
compiling ui_font_iconfont45.c...
compiling ui_img_compass_needle_png.c...
compiling ui_HomePage.c...
..\Middlewares\LVGL\GUI_UserApp\Screens\Src\ui_HomePage.c(204): warning:  #167-D: argument of type "uint8_t *" is incompatible with parameter of type "char *restrict"
      sprintf(value_strbuf,"%2d",ui_TimeHourValue);
..\Middlewares\LVGL\GUI_UserApp\Screens\Src\ui_HomePage.c(205): warning:  #167-D: argument of type "uint8_t *" is incompatible with parameter of type "const char *"
      lv_label_set_text(ui_TimeHourLabel, value_strbuf);
..\Middlewares\LVGL\GUI_UserApp\Screens\Src\ui_HomePage.c(225): warning:  #167-D: argument of type "uint8_t *" is incompatible with parameter of type "char *restrict"
      sprintf(value_strbuf,"%02d",ui_TimeMinuteValue);
..\Middlewares\LVGL\GUI_UserApp\Screens\Src\ui_HomePage.c(226): warning:  #167-D: argument of type "uint8_t *" is incompatible with parameter of type "const char *"
      lv_label_set_text(ui_TimeMinuteLabel, value_strbuf);
..\Middlewares\LVGL\GUI_UserApp\Screens\Src\ui_HomePage.c(267): warning:  #167-D: argument of type "uint8_t *" is incompatible with parameter of type "char *restrict"
      sprintf(value_strbuf,"%2d%%",ui_BatArcValue);
..\Middlewares\LVGL\GUI_UserApp\Screens\Src\ui_HomePage.c(268): warning:  #167-D: argument of type "uint8_t *" is incompatible with parameter of type "const char *"
      lv_label_set_text(ui_BatNumLabel, value_strbuf);
..\Middlewares\LVGL\GUI_UserApp\Screens\Src\ui_HomePage.c(277): warning:  #167-D: argument of type "uint8_t *" is incompatible with parameter of type "char *restrict"
      sprintf(value_strbuf,"%2d-%02d",ui_DateMonthValue,ui_DateDayValue);
..\Middlewares\LVGL\GUI_UserApp\Screens\Src\ui_HomePage.c(278): warning:  #167-D: argument of type "uint8_t *" is incompatible with parameter of type "const char *"
      lv_label_set_text(ui_DateLabel, value_strbuf);
..\Middlewares\LVGL\GUI_UserApp\Screens\Src\ui_HomePage.c(322): warning:  #167-D: argument of type "uint8_t *" is incompatible with parameter of type "char *restrict"
      sprintf(value_strbuf,"%d",ui_StepNumValue);
..\Middlewares\LVGL\GUI_UserApp\Screens\Src\ui_HomePage.c(323): warning:  #167-D: argument of type "uint8_t *" is incompatible with parameter of type "const char *"
      lv_label_set_text(ui_StepNumLabel, value_strbuf);
..\Middlewares\LVGL\GUI_UserApp\Screens\Src\ui_HomePage.c(376): warning:  #167-D: argument of type "uint8_t *" is incompatible with parameter of type "char *restrict"
      sprintf(value_strbuf,"%d",ui_EnvTempValue);
..\Middlewares\LVGL\GUI_UserApp\Screens\Src\ui_HomePage.c(377): warning:  #167-D: argument of type "uint8_t *" is incompatible with parameter of type "const char *"
      lv_label_set_text(ui_TempNumLabel, value_strbuf);
..\Middlewares\LVGL\GUI_UserApp\Screens\Src\ui_HomePage.c(418): warning:  #167-D: argument of type "uint8_t *" is incompatible with parameter of type "char *restrict"
      sprintf(value_strbuf,"%d",ui_EnvHumiValue);
..\Middlewares\LVGL\GUI_UserApp\Screens\Src\ui_HomePage.c(419): warning:  #167-D: argument of type "uint8_t *" is incompatible with parameter of type "const char *"
      lv_label_set_text(ui_HumiNumLabel, value_strbuf);
..\Middlewares\LVGL\GUI_UserApp\Screens\Src\ui_HomePage.c(460): warning:  #167-D: argument of type "uint8_t *" is incompatible with parameter of type "char *restrict"
      sprintf(value_strbuf,"%d",ui_HRValue);
..\Middlewares\LVGL\GUI_UserApp\Screens\Src\ui_HomePage.c(461): warning:  #167-D: argument of type "uint8_t *" is incompatible with parameter of type "const char *"
      lv_label_set_text(ui_HRNumLabel, value_strbuf);
..\Middlewares\LVGL\GUI_UserApp\Screens\Src\ui_HomePage.c: 16 warnings, 0 errors
compiling ui_Game2048Page.c...
..\Middlewares\LVGL\GUI_UserApp\Screens\Src\ui_Game2048Page.c(106): warning:  #167-D: argument of type "char **" is incompatible with parameter of type "const char **"
  							lv_btnmatrix_set_map(ui_Game2048BtnM, Game_2048.btnm_map);
..\Middlewares\LVGL\GUI_UserApp\Screens\Src\ui_Game2048Page.c(108): warning:  #167-D: argument of type "uint8_t *" is incompatible with parameter of type "char *restrict"
  							sprintf(strbuf,"Score:%d",Game_2048.score);
..\Middlewares\LVGL\GUI_UserApp\Screens\Src\ui_Game2048Page.c(109): warning:  #167-D: argument of type "uint8_t *" is incompatible with parameter of type "const char *"
  							lv_label_set_text(ui_Game2048ScLabel,strbuf);
..\Middlewares\LVGL\GUI_UserApp\Screens\Src\ui_Game2048Page.c(125): warning:  #186-D: pointless comparison of unsigned integer with zero
          if((dsc->id >= 0) && (dsc->label_dsc))
..\Middlewares\LVGL\GUI_UserApp\Screens\Src\ui_Game2048Page.c(154): warning:  #167-D: argument of type "uint8_t *" is incompatible with parameter of type "char *restrict"
        sprintf(strbuf,"Score:%d",Game_2048.score);
..\Middlewares\LVGL\GUI_UserApp\Screens\Src\ui_Game2048Page.c(155): warning:  #167-D: argument of type "uint8_t *" is incompatible with parameter of type "const char *"
        lv_label_set_text(ui_Game2048ScLabel,strbuf);
..\Middlewares\LVGL\GUI_UserApp\Screens\Src\ui_Game2048Page.c(189): warning:  #167-D: argument of type "uint8_t *" is incompatible with parameter of type "char *restrict"
      sprintf(strbuf,"Score:%d",Game_2048.score);
..\Middlewares\LVGL\GUI_UserApp\Screens\Src\ui_Game2048Page.c(190): warning:  #167-D: argument of type "uint8_t *" is incompatible with parameter of type "const char *"
      lv_label_set_text(ui_Game2048ScLabel,strbuf);
..\Middlewares\LVGL\GUI_UserApp\Screens\Src\ui_Game2048Page.c(217): warning:  #167-D: argument of type "char **" is incompatible with parameter of type "const char **"
      lv_btnmatrix_set_map(ui_Game2048BtnM, Game_2048.btnm_map);
..\Middlewares\LVGL\GUI_UserApp\Screens\Src\ui_Game2048Page.c(544): warning:  #68-D: integer conversion resulted in a change of sign
      {return -1;}
..\Middlewares\LVGL\GUI_UserApp\Screens\Src\ui_Game2048Page.c(553): warning:  #68-D: integer conversion resulted in a change of sign
      {return -1;}
..\Middlewares\LVGL\GUI_UserApp\Screens\Src\ui_Game2048Page.c: 11 warnings, 0 errors
compiling ui_GameMemPage.c...
..\Middlewares\LVGL\GUI_UserApp\Screens\Src\ui_GameMemPage.c(74): warning:  #186-D: pointless comparison of unsigned integer with zero
          if((dsc->id >= 0) && (dsc->label_dsc))
..\Middlewares\LVGL\GUI_UserApp\Screens\Src\ui_GameMemPage.c(92): warning:  #167-D: argument of type "char **" is incompatible with parameter of type "const char **"
          lv_btnmatrix_set_map(ui_GameMem_BtnM, Game_Mem.btnm_map);
..\Middlewares\LVGL\GUI_UserApp\Screens\Src\ui_GameMemPage.c(105): warning:  #167-D: argument of type "char **" is incompatible with parameter of type "const char **"
      lv_btnmatrix_set_map(ui_GameMem_BtnM, Game_Mem.btnm_map);
..\Middlewares\LVGL\GUI_UserApp\Screens\Src\ui_GameMemPage.c(141): warning:  #68-D: integer conversion resulted in a change of sign
      Game_Mem.previous_id = -1;
..\Middlewares\LVGL\GUI_UserApp\Screens\Src\ui_GameMemPage.c(142): warning:  #68-D: integer conversion resulted in a change of sign
      Game_Mem.present_id = -1;
..\Middlewares\LVGL\GUI_UserApp\Screens\Src\ui_GameMemPage.c: 5 warnings, 0 errors
compiling stm32f4xx_hal_flash.c...
compiling stm32f4xx_hal_flash_ramfunc.c...
compiling stm32f4xx_hal_adc_ex.c...
compiling stm32f4xx_hal_adc.c...
compiling stm32f4xx_hal_gpio.c...
compiling stm32f4xx_hal_rcc_ex.c...
compiling stm32f4xx_hal_flash_ex.c...
compiling stm32f4xx_hal_rcc.c...
compiling stm32f4xx_hal_dma_ex.c...
compiling stm32f4xx_hal_dma.c...
compiling stm32f4xx_hal_pwr.c...
compiling stm32f4xx_hal_pwr_ex.c...
compiling stm32f4xx_hal_exti.c...
compiling stm32f4xx_hal_rtc.c...
compiling stm32f4xx_hal_cortex.c...
compiling stm32f4xx_hal.c...
compiling system_stm32f4xx.c...
compiling stm32f4xx_hal_rtc_ex.c...
compiling stm32f4xx_hal_tim_ex.c...
compiling stm32f4xx_hal_spi.c...
compiling stm32f4xx_hal_uart.c...
compiling stm32f4xx_hal_tim.c...
compiling BL24C02.c...
compiling WDOG.c...
compiling CST816.c...
compiling lcd_init.c...
compiling AHT21.c...
..\BSP\AHT21\AHT21.c(74): warning:  #550-D: variable "Byte_1th"  was set but never used
  	uint8_t  Byte_1th=0;
..\BSP\AHT21\AHT21.c: 1 warning, 0 errors
compiling iic_hal.c...
compiling power.c...
..\BSP\POWER\power.c(90): warning:  #1035-D: single-precision operand implicitly converted to double-precision
  	if((voltage >= 4.2))
..\BSP\POWER\power.c(92): warning:  #1035-D: single-precision operand implicitly converted to double-precision
  	else if(voltage >= 4.06 && voltage <4.2)
..\BSP\POWER\power.c(92): warning:  #1035-D: single-precision operand implicitly converted to double-precision
  	else if(voltage >= 4.06 && voltage <4.2)
..\BSP\POWER\power.c(94): warning:  #1035-D: single-precision operand implicitly converted to double-precision
  	else if(voltage >= 3.98 && voltage <4.06)
..\BSP\POWER\power.c(94): warning:  #1035-D: single-precision operand implicitly converted to double-precision
  	else if(voltage >= 3.98 && voltage <4.06)
..\BSP\POWER\power.c(96): warning:  #1035-D: single-precision operand implicitly converted to double-precision
  	else if(voltage >= 3.92 && voltage <3.98)
..\BSP\POWER\power.c(96): warning:  #1035-D: single-precision operand implicitly converted to double-precision
  	else if(voltage >= 3.92 && voltage <3.98)
..\BSP\POWER\power.c(98): warning:  #1035-D: single-precision operand implicitly converted to double-precision
  	else if(voltage >= 3.87 && voltage <3.92)
..\BSP\POWER\power.c(98): warning:  #1035-D: single-precision operand implicitly converted to double-precision
  	else if(voltage >= 3.87 && voltage <3.92)
..\BSP\POWER\power.c(100): warning:  #1035-D: single-precision operand implicitly converted to double-precision
  	else if(voltage >= 3.82 && voltage <3.87)
..\BSP\POWER\power.c(100): warning:  #1035-D: single-precision operand implicitly converted to double-precision
  	else if(voltage >= 3.82 && voltage <3.87)
..\BSP\POWER\power.c(102): warning:  #1035-D: single-precision operand implicitly converted to double-precision
  	else if(voltage >= 3.79 && voltage <3.82)
..\BSP\POWER\power.c(102): warning:  #1035-D: single-precision operand implicitly converted to double-precision
  	else if(voltage >= 3.79 && voltage <3.82)
..\BSP\POWER\power.c(104): warning:  #1035-D: single-precision operand implicitly converted to double-precision
  	else if(voltage >= 3.77 && voltage <3.79)
..\BSP\POWER\power.c(104): warning:  #1035-D: single-precision operand implicitly converted to double-precision
  	else if(voltage >= 3.77 && voltage <3.79)
..\BSP\POWER\power.c(106): warning:  #1035-D: single-precision operand implicitly converted to double-precision
  	else if(voltage >= 3.74 && voltage <3.77)
..\BSP\POWER\power.c(106): warning:  #1035-D: single-precision operand implicitly converted to double-precision
  	else if(voltage >= 3.74 && voltage <3.77)
..\BSP\POWER\power.c(108): warning:  #1035-D: single-precision operand implicitly converted to double-precision
  	else if(voltage >= 3.68 && voltage <3.74)
..\BSP\POWER\power.c(108): warning:  #1035-D: single-precision operand implicitly converted to double-precision
  	else if(voltage >= 3.68 && voltage <3.74)
..\BSP\POWER\power.c(110): warning:  #1035-D: single-precision operand implicitly converted to double-precision
  	else if(voltage >= 3.45 && voltage <3.68)
..\BSP\POWER\power.c(110): warning:  #1035-D: single-precision operand implicitly converted to double-precision
  	else if(voltage >= 3.45 && voltage <3.68)
..\BSP\POWER\power.c: 21 warnings, 0 errors
compiling mpu6050.c...
..\BSP\MPU6050\mpu6050.c(322): warning:  #1035-D: single-precision operand implicitly converted to double-precision
  	if(roll<=0.55 && roll>=-0.55 && pitch<=0.55 && pitch>=-0.55)
..\BSP\MPU6050\mpu6050.c(322): warning:  #1035-D: single-precision operand implicitly converted to double-precision
  	if(roll<=0.55 && roll>=-0.55 && pitch<=0.55 && pitch>=-0.55)
..\BSP\MPU6050\mpu6050.c: 2 warnings, 0 errors
compiling LSM303.c...
..\BSP\LSM303DLH\LSM303.c(316): warning:  #1035-D: single-precision operand implicitly converted to double-precision
  	Azimuth = atan2f(Hy,Hx)*180.0/PI;
..\BSP\LSM303DLH\LSM303.c: 1 warning, 0 errors
compiling SPL06_001.c...
..\BSP\SPL06_001\SPL06_001.c(220): warning:  #1035-D: single-precision operand implicitly converted to double-precision
  	Traw_sc /= KT;
..\BSP\SPL06_001\SPL06_001.c(229): warning:  #1035-D: single-precision operand implicitly converted to double-precision
  	Traw_sc /= KT;
..\BSP\SPL06_001\SPL06_001.c(231): warning:  #1035-D: single-precision operand implicitly converted to double-precision
  	Praw_sc /= KP;
..\BSP\SPL06_001\SPL06_001.c: 3 warnings, 0 errors
compiling lcd.c...
..\BSP\LCD\lcd.c(40): warning:  #177-D: variable "i"  was declared but never referenced
  	u16 i,j,width,height; 
..\BSP\LCD\lcd.c(40): warning:  #177-D: variable "j"  was declared but never referenced
  	u16 i,j,width,height; 
..\BSP\LCD\lcd.c: 2 warnings, 0 errors
compiling croutine.c...
compiling list.c...
compiling event_groups.c...
compiling queue.c...
compiling stream_buffer.c...
compiling timers.c...
compiling tasks.c...
compiling heap_4.c...
compiling port.c...
compiling lv_disp.c...
compiling lv_event.c...
..\Middlewares\LVGL\GUI\lvgl\src\core\lv_event.c(120): warning:  #188-D: enumerated type mixed with another type
      return e->code & ~LV_EVENT_PREPROCESS;
..\Middlewares\LVGL\GUI\lvgl\src\core\lv_event.c: 1 warning, 0 errors
compiling lv_group.c...
compiling lv_indev_scroll.c...
compiling lv_indev.c...
compiling KT6328.c...
compiling HrAlgorythm.c...
..\BSP\EM7028\HrAlgorythm.h(11): warning:  #1-D: last line of file ends without a newline
  #endif
..\BSP\EM7028\HrAlgorythm.c(24): warning:  #940-D: missing return statement at end of non-void function "Hr_Ave_Filter" 
  }
..\BSP\EM7028\HrAlgorythm.c: 2 warnings, 0 errors
compiling user_Queue.c...
compiling em70x8.c...
compiling key.c...
compiling lv_obj.c...
compiling lv_obj_class.c...
compiling lv_obj_draw.c...
compiling inv_mpu_dmp_motion_driver.c...
compiling inv_mpu.c...
compiling lv_obj_tree.c...
compiling lv_obj_style_gen.c...
compiling lv_draw.c...
compiling lv_theme.c...
compiling lv_obj_pos.c...
compiling lv_obj_style.c...
compiling lv_refr.c...
compiling lv_obj_scroll.c...
compiling lv_draw_arc.c...
compiling cmsis_os2.c...
compiling lv_draw_line.c...
compiling lv_draw_img.c...
compiling lv_draw_rect.c...
compiling lv_draw_triangle.c...
compiling lv_draw_label.c...
compiling lv_img_cache.c...
compiling lv_extra.c...
compiling lv_img_decoder.c...
compiling lv_img_buf.c...
compiling lv_calendar.c...
compiling lv_calendar_header_arrow.c...
compiling lv_font.c...
compiling lv_draw_mask.c...
compiling lv_calendar_header_dropdown.c...
compiling lv_spinner.c...
compiling lv_font_dejavu_16_persian_hebrew.c...
compiling lv_font_fmt_txt.c...
..\Middlewares\LVGL\GUI\lvgl\src\font\lv_font_fmt_txt.c(137): warning:  #111-D: statement is unreachable
      return NULL;
..\Middlewares\LVGL\GUI\lvgl\src\font\lv_font_fmt_txt.c: 1 warning, 0 errors
compiling lv_font_montserrat_8.c...
compiling lv_font_montserrat_10.c...
compiling lv_font_montserrat_12.c...
compiling lv_theme_default.c...
..\Middlewares\LVGL\GUI\lvgl\src\extra\themes\default\lv_theme_default.c(213): warning:  #188-D: enumerated type mixed with another type
..\Middlewares\LVGL\GUI\lvgl\src\extra\themes\default\lv_theme_default.c: 1 warning, 0 errors
compiling lv_font_montserrat_12_subpx.c...
compiling lv_font_montserrat_14.c...
compiling lv_font_montserrat_16.c...
compiling lv_font_loader.c...
compiling lv_font_montserrat_18.c...
compiling lv_font_montserrat_20.c...
compiling lv_font_montserrat_22.c...
compiling lv_font_montserrat_24.c...
compiling lv_font_montserrat_26.c...
compiling lv_font_montserrat_28.c...
compiling lv_font_montserrat_28_compressed.c...
compiling lv_font_montserrat_30.c...
compiling lv_font_montserrat_32.c...
compiling lv_font_montserrat_34.c...
compiling lv_font_montserrat_36.c...
compiling lv_font_montserrat_38.c...
compiling lv_font_montserrat_40.c...
compiling lv_font_montserrat_42.c...
compiling lv_font_montserrat_44.c...
compiling lv_font_montserrat_46.c...
compiling lv_font_montserrat_48.c...
compiling lv_font_simsun_16_cjk.c...
compiling lv_font_unscii_8.c...
compiling lv_btn.c...
compiling lv_font_unscii_16.c...
compiling lv_canvas.c...
compiling lv_checkbox.c...
compiling lv_bar.c...
compiling lv_arc.c...
compiling lv_img.c...
compiling lv_switch.c...
compiling lv_hal_tick.c...
compiling lv_btnmatrix.c...
compiling lv_dropdown.c...
compiling lv_roller.c...
compiling lv_hal_indev.c...
compiling lv_slider.c...
compiling lv_hal_disp.c...
..\Middlewares\LVGL\GUI\lvgl\src\hal\lv_hal_disp.c(573): warning:  #188-D: enumerated type mixed with another type
      return disp->driver->rotated;
..\Middlewares\LVGL\GUI\lvgl\src\hal\lv_hal_disp.c: 1 warning, 0 errors
compiling lv_anim.c...
compiling lv_label.c...
compiling lv_anim_timeline.c...
compiling lv_async.c...
compiling lv_bidi.c...
compiling lv_area.c...
compiling lv_gc.c...
compiling lv_color.c...
compiling lv_ll.c...
compiling lv_log.c...
compiling lv_fs.c...
compiling lv_lru.c...
..\Middlewares\LVGL\GUI\lvgl\src\misc\lv_lru.c(313): warning:  #68-D: integer conversion resulted in a change of sign
      uint32_t i = 0, min_index = -1;
..\Middlewares\LVGL\GUI\lvgl\src\misc\lv_lru.c(314): warning:  #68-D: integer conversion resulted in a change of sign
      uint64_t min_access_count = -1;
..\Middlewares\LVGL\GUI\lvgl\src\misc\lv_lru.c: 2 warnings, 0 errors
compiling lv_math.c...
compiling lv_mem.c...
..\Middlewares\LVGL\GUI\lvgl\src\misc\lv_mem.c(311): warning:  #111-D: statement is unreachable
      return NULL;
..\Middlewares\LVGL\GUI\lvgl\src\misc\lv_mem.c: 1 warning, 0 errors
compiling lv_utils.c...
compiling lv_style.c...
..\Middlewares\LVGL\GUI\lvgl\src\misc\lv_style.c(74): warning:  #188-D: enumerated type mixed with another type
      return act_id;
..\Middlewares\LVGL\GUI\lvgl\src\misc\lv_style.c: 1 warning, 0 errors
compiling lv_timer.c...
compiling lv_printf.c...
compiling lv_txt_ap.c...
compiling lv_style_gen.c...
compiling lv_tlsf.c...
..\Middlewares\LVGL\GUI\lvgl\src\misc\lv_tlsf.c(898): warning:  #68-D: integer conversion resulted in a change of sign
          offset_to_block(pool, -(int)block_header_overhead);
..\Middlewares\LVGL\GUI\lvgl\src\misc\lv_tlsf.c(1000): warning:  #68-D: integer conversion resulted in a change of sign
      block = offset_to_block(mem, -(tlsfptr_t)block_header_overhead);
..\Middlewares\LVGL\GUI\lvgl\src\misc\lv_tlsf.c(1018): warning:  #68-D: integer conversion resulted in a change of sign
      block_header_t * block = offset_to_block(pool, -(int)block_header_overhead);
..\Middlewares\LVGL\GUI\lvgl\src\misc\lv_tlsf.c: 3 warnings, 0 errors
compiling lv_txt.c...
compiling lv_draw_sw.c...
compiling lv_draw_sw_dither.c...
compiling lv_draw_sw_arc.c...
compiling lv_draw_sw_gradient.c...
compiling lv_draw_sw_polygon.c...
compiling lv_draw_sw_letter.c...
compiling lv_draw_sw_blend.c...
compiling lv_draw_sw_img.c...
compiling lv_draw_sw_line.c...
compiling lv_textarea.c...
compiling lv_flex.c...
..\Middlewares\LVGL\GUI\lvgl\src\extra\layouts\flex\lv_flex.c(97): warning:  #188-D: enumerated type mixed with another type
      LV_STYLE_FLEX_MAIN_PLACE = lv_style_register_prop() | LV_STYLE_PROP_LAYOUT_REFR;
..\Middlewares\LVGL\GUI\lvgl\src\extra\layouts\flex\lv_flex.c(98): warning:  #188-D: enumerated type mixed with another type
      LV_STYLE_FLEX_CROSS_PLACE = lv_style_register_prop() | LV_STYLE_PROP_LAYOUT_REFR;
..\Middlewares\LVGL\GUI\lvgl\src\extra\layouts\flex\lv_flex.c(99): warning:  #188-D: enumerated type mixed with another type
      LV_STYLE_FLEX_TRACK_PLACE = lv_style_register_prop() | LV_STYLE_PROP_LAYOUT_REFR;
..\Middlewares\LVGL\GUI\lvgl\src\extra\layouts\flex\lv_flex.c: 3 warnings, 0 errors
compiling lv_grid.c...
..\Middlewares\LVGL\GUI\lvgl\src\extra\layouts\grid\lv_grid.c(134): warning:  #188-D: enumerated type mixed with another type
      LV_STYLE_GRID_COLUMN_DSC_ARRAY = lv_style_register_prop() | LV_STYLE_PROP_LAYOUT_REFR;
..\Middlewares\LVGL\GUI\lvgl\src\extra\layouts\grid\lv_grid.c(135): warning:  #188-D: enumerated type mixed with another type
      LV_STYLE_GRID_ROW_DSC_ARRAY = lv_style_register_prop() | LV_STYLE_PROP_LAYOUT_REFR;
..\Middlewares\LVGL\GUI\lvgl\src\extra\layouts\grid\lv_grid.c(136): warning:  #188-D: enumerated type mixed with another type
      LV_STYLE_GRID_COLUMN_ALIGN = lv_style_register_prop() | LV_STYLE_PROP_LAYOUT_REFR;
..\Middlewares\LVGL\GUI\lvgl\src\extra\layouts\grid\lv_grid.c(137): warning:  #188-D: enumerated type mixed with another type
      LV_STYLE_GRID_ROW_ALIGN = lv_style_register_prop() | LV_STYLE_PROP_LAYOUT_REFR;
..\Middlewares\LVGL\GUI\lvgl\src\extra\layouts\grid\lv_grid.c(139): warning:  #188-D: enumerated type mixed with another type
      LV_STYLE_GRID_CELL_ROW_SPAN = lv_style_register_prop() | LV_STYLE_PROP_LAYOUT_REFR;
..\Middlewares\LVGL\GUI\lvgl\src\extra\layouts\grid\lv_grid.c(140): warning:  #188-D: enumerated type mixed with another type
      LV_STYLE_GRID_CELL_ROW_POS = lv_style_register_prop() | LV_STYLE_PROP_LAYOUT_REFR;
..\Middlewares\LVGL\GUI\lvgl\src\extra\layouts\grid\lv_grid.c(141): warning:  #188-D: enumerated type mixed with another type
      LV_STYLE_GRID_CELL_COLUMN_SPAN = lv_style_register_prop() | LV_STYLE_PROP_LAYOUT_REFR;
..\Middlewares\LVGL\GUI\lvgl\src\extra\layouts\grid\lv_grid.c(142): warning:  #188-D: enumerated type mixed with another type
      LV_STYLE_GRID_CELL_COLUMN_POS = lv_style_register_prop() | LV_STYLE_PROP_LAYOUT_REFR;
..\Middlewares\LVGL\GUI\lvgl\src\extra\layouts\grid\lv_grid.c(143): warning:  #188-D: enumerated type mixed with another type
      LV_STYLE_GRID_CELL_X_ALIGN = lv_style_register_prop() | LV_STYLE_PROP_LAYOUT_REFR;
..\Middlewares\LVGL\GUI\lvgl\src\extra\layouts\grid\lv_grid.c(144): warning:  #188-D: enumerated type mixed with another type
      LV_STYLE_GRID_CELL_Y_ALIGN = lv_style_register_prop() | LV_STYLE_PROP_LAYOUT_REFR;
..\Middlewares\LVGL\GUI\lvgl\src\extra\layouts\grid\lv_grid.c(589): warning:  #188-D: enumerated type mixed with another type
      lv_grid_align_t col_align = get_cell_col_align(item);
..\Middlewares\LVGL\GUI\lvgl\src\extra\layouts\grid\lv_grid.c(590): warning:  #188-D: enumerated type mixed with another type
      lv_grid_align_t row_align = get_cell_row_align(item);
..\Middlewares\LVGL\GUI\lvgl\src\extra\layouts\grid\lv_grid.c: 12 warnings, 0 errors
compiling lv_meter.c...
compiling lv_draw_sw_rect.c...
..\Middlewares\LVGL\GUI\lvgl\src\draw\sw\lv_draw_sw_rect.c(239): warning:  #546-D: transfer of control bypasses initialization of:
            variable "mask_any_center"  (declared at line 286)
          goto bg_clean_up;
          ^
..\Middlewares\LVGL\GUI\lvgl\src\draw\sw\lv_draw_sw_rect.c: 1 warning, 0 errors
compiling lv_table.c...
compiling lv_port_disp.c...
compiling lv_port_indev.c...
linking...
Program Size: Code=196328 RO-data=193824 RW-data=2208 ZI-data=97880  
FromELF: creating hex file...
"OV_Watch_V2.3\OV_Watch_V2.3" - 0 Error(s), 180 Warning(s).

<h2>Software Packages used:</h2>

Package Vendor: ARM
                http://www.keil.com/pack/ARM.CMSIS.5.9.0.pack
                ARM.CMSIS.5.9.0
                CMSIS (Common Microcontroller Software Interface Standard)
   * Component: CORE Version: 5.6.0

Package Vendor: Keil
                http://www.keil.com/pack/Keil.STM32F4xx_DFP.2.15.0.pack
                Keil.STM32F4xx_DFP.2.15.0
                STMicroelectronics STM32F4 Series Device Support, Drivers and Examples

<h2>Collection of Component include folders:</h2>
  ./RTE/_OV_Watch_V2.3
  D:/softwares/KEIL5MDK/packs/ARM/CMSIS/5.9.0/CMSIS/Core/Include
  D:/softwares/KEIL5MDK/packs/Keil/STM32F4xx_DFP/2.15.0/Drivers/CMSIS/Device/ST/STM32F4xx/Include

<h2>Collection of Component Files used:</h2>

   * Component: ARM::CMSIS:CORE:5.6.0
      Include file:  CMSIS/Core/Include/tz_context.h
Build Time Elapsed:  00:00:24
</pre>
</body>
</html>
